AR clock_divider behavioral "C:/Users/PC/Desktop/Predmeti/II godina/AR2/semafor/clock_divider.vhd" sub00/vhpl03 1716845796
EN clock_divider NULL "C:/Users/PC/Desktop/Predmeti/II godina/AR2/semafor/clock_divider.vhd" sub00/vhpl02 1716845795
EN trafficlightcontroller NULL "C:/Users/PC/Desktop/Predmeti/II godina/AR2/semafor/semafor.vhd" sub00/vhpl00 1716845797
AR trafficlightcontroller behavioral "C:/Users/PC/Desktop/Predmeti/II godina/AR2/semafor/semafor.vhd" sub00/vhpl01 1716845798
