V3 3
FL "C:/Users/PC/Desktop/Predmeti/II godina/AR2/multiplexer/MULTIPLEXER.vhd" 2024/05/06.18:24:51 P.20131013
EN work/MULTIPLEXER 1715064862 \
      FL "C:/Users/PC/Desktop/Predmeti/II godina/AR2/multiplexer/MULTIPLEXER.vhd" \
      PB ieee/std_logic_1164 1381692176
AR work/MULTIPLEXER/Behavioral 1715064863 \
      FL "C:/Users/PC/Desktop/Predmeti/II godina/AR2/multiplexer/MULTIPLEXER.vhd" \
      EN work/MULTIPLEXER 1715064862
