V3 3
FL "C:/Users/PC/Desktop/Predmeti/II godina/AR2/dekoder/DECODER.vhd" 2024/05/07.08:34:05 P.20131013
EN work/DECODER 1715063649 \
      FL "C:/Users/PC/Desktop/Predmeti/II godina/AR2/dekoder/DECODER.vhd" \
      PB ieee/std_logic_1164 1381692176
AR work/DECODER/Behavioral 1715063650 \
      FL "C:/Users/PC/Desktop/Predmeti/II godina/AR2/dekoder/DECODER.vhd" \
      EN work/DECODER 1715063649
