AR clock_divider behavioral "C:/Users/PC/Desktop/Predmeti/II godina/AR2/reg_shifter/clock_divider.vhd" sub00/vhpl03 1716276363
AR shift_register behavioral "C:/Users/PC/Desktop/Predmeti/II godina/AR2/reg_shifter/Shift_Register.vhd" sub00/vhpl01 1716276365
EN clock_divider NULL "C:/Users/PC/Desktop/Predmeti/II godina/AR2/reg_shifter/clock_divider.vhd" sub00/vhpl02 1716276362
EN shift_register NULL "C:/Users/PC/Desktop/Predmeti/II godina/AR2/reg_shifter/Shift_Register.vhd" sub00/vhpl00 1716276364
