Release 14.7 - xst P.20131013 (nt64)
Copyright (c) 1995-2013 Xilinx, Inc.  All rights reserved.
--> Parameter TMPDIR set to xst/projnav.tmp


Total REAL time to Xst completion: 0.00 secs
Total CPU time to Xst completion: 0.19 secs
 
--> Parameter xsthdpdir set to xst


Total REAL time to Xst completion: 0.00 secs
Total CPU time to Xst completion: 0.19 secs
 
--> Reading design: LED_Controller.prj

TABLE OF CONTENTS
  1) Synthesis Options Summary
  2) HDL Compilation
  3) Design Hierarchy Analysis
  4) HDL Analysis
  5) HDL Synthesis
     5.1) HDL Synthesis Report
  6) Advanced HDL Synthesis
     6.1) Advanced HDL Synthesis Report
  7) Low Level Synthesis
  8) Partition Report
  9) Final Report
	9.1) Device utilization summary
	9.2) Partition Resource Summary
	9.3) TIMING REPORT


=========================================================================
*                      Synthesis Options Summary                        *
=========================================================================
---- Source Parameters
Input File Name                    : "LED_Controller.prj"
Input Format                       : mixed
Ignore Synthesis Constraint File   : NO

---- Target Parameters
Output File Name                   : "LED_Controller"
Output Format                      : NGC
Target Device                      : xc3s1500-4-fg676

---- Source Options
Top Module Name                    : LED_Controller
Automatic FSM Extraction           : YES
FSM Encoding Algorithm             : Auto
Safe Implementation                : No
FSM Style                          : LUT
RAM Extraction                     : Yes
RAM Style                          : Auto
ROM Extraction                     : Yes
Mux Style                          : Auto
Decoder Extraction                 : YES
Priority Encoder Extraction        : Yes
Shift Register Extraction          : YES
Logical Shifter Extraction         : YES
XOR Collapsing                     : YES
ROM Style                          : Auto
Mux Extraction                     : Yes
Resource Sharing                   : YES
Asynchronous To Synchronous        : NO
Multiplier Style                   : Auto
Automatic Register Balancing       : No

---- Target Options
Add IO Buffers                     : YES
Global Maximum Fanout              : 500
Add Generic Clock Buffer(BUFG)     : 8
Register Duplication               : YES
Slice Packing                      : YES
Optimize Instantiated Primitives   : NO
Use Clock Enable                   : Yes
Use Synchronous Set                : Yes
Use Synchronous Reset              : Yes
Pack IO Registers into IOBs        : Auto
Equivalent register Removal        : YES

---- General Options
Optimization Goal                  : Speed
Optimization Effort                : 1
Keep Hierarchy                     : No
Netlist Hierarchy                  : As_Optimized
RTL Output                         : Yes
Global Optimization                : AllClockNets
Read Cores                         : YES
Write Timing Constraints           : NO
Cross Clock Analysis               : NO
Hierarchy Separator                : /
Bus Delimiter                      : <>
Case Specifier                     : Maintain
Slice Utilization Ratio            : 100
BRAM Utilization Ratio             : 100
Verilog 2001                       : YES
Auto BRAM Packing                  : NO
Slice Utilization Ratio Delta      : 5

=========================================================================


=========================================================================
*                          HDL Compilation                              *
=========================================================================
Compiling vhdl file "C:/Users/PC/Desktop/Predmeti/II godina/AR2/LedShow/Clock_divider.vhd" in Library work.
Architecture behavioral of Entity clock_divider is up to date.
Compiling vhdl file "C:/Users/PC/Desktop/Predmeti/II godina/AR2/LedShow/Led_Show.vhd" in Library work.
Entity <led_controller> compiled.
Entity <led_controller> (Architecture <behavioral>) compiled.

=========================================================================
*                     Design Hierarchy Analysis                         *
=========================================================================
Analyzing hierarchy for entity <LED_Controller> in library <work> (architecture <behavioral>).

Analyzing hierarchy for entity <Clock_Divider> in library <work> (architecture <behavioral>).


=========================================================================
*                            HDL Analysis                               *
=========================================================================
Analyzing Entity <LED_Controller> in library <work> (Architecture <behavioral>).
Entity <LED_Controller> analyzed. Unit <LED_Controller> generated.

Analyzing Entity <Clock_Divider> in library <work> (Architecture <behavioral>).
Entity <Clock_Divider> analyzed. Unit <Clock_Divider> generated.


=========================================================================
*                           HDL Synthesis                               *
=========================================================================

Performing bidirectional port resolution...

Synthesizing Unit <Clock_Divider>.
    Related source file is "C:/Users/PC/Desktop/Predmeti/II godina/AR2/LedShow/Clock_divider.vhd".
    Found 32-bit up counter for signal <counter>.
    Found 1-bit register for signal <slow_clk>.
    Summary:
	inferred   1 Counter(s).
	inferred   1 D-type flip-flop(s).
Unit <Clock_Divider> synthesized.


Synthesizing Unit <LED_Controller>.
    Related source file is "C:/Users/PC/Desktop/Predmeti/II godina/AR2/LedShow/Led_Show.vhd".
    Found finite state machine <FSM_0> for signal <current_state>.
    -----------------------------------------------------------------------
    | States             | 4                                              |
    | Transitions        | 10                                             |
    | Inputs             | 4                                              |
    | Outputs            | 4                                              |
    | Clock              | slow_clk                  (rising_edge)        |
    | Reset              | rst                       (positive)           |
    | Reset type         | asynchronous                                   |
    | Reset State        | idle                                           |
    | Power Up State     | idle                                           |
    | Encoding           | automatic                                      |
    | Implementation     | LUT                                            |
    -----------------------------------------------------------------------
    Found 1-bit register for signal <blink_toggle>.
    Found 8-bit register for signal <led_reg>.
    Summary:
	inferred   1 Finite State Machine(s).
	inferred   1 D-type flip-flop(s).
Unit <LED_Controller> synthesized.


=========================================================================
HDL Synthesis Report

Macro Statistics
# Counters                                             : 1
 32-bit up counter                                     : 1
# Registers                                            : 3
 1-bit register                                        : 2
 8-bit register                                        : 1

=========================================================================

=========================================================================
*                       Advanced HDL Synthesis                          *
=========================================================================

Analyzing FSM <FSM_0> for best encoding.
Optimizing FSM <current_state/FSM> on signal <current_state[1:2]> with gray encoding.
--------------------------
 State        | Encoding
--------------------------
 idle         | 00
 rotate_left  | 01
 rotate_right | 11
 blink        | 10
--------------------------

=========================================================================
Advanced HDL Synthesis Report

Macro Statistics
# FSMs                                                 : 1
# Counters                                             : 1
 32-bit up counter                                     : 1
# Registers                                            : 10
 Flip-Flops                                            : 10

=========================================================================

=========================================================================
*                         Low Level Synthesis                           *
=========================================================================

Optimizing unit <LED_Controller> ...

Mapping all equations...
Building and optimizing final netlist ...
Found area constraint ratio of 100 (+ 5) on block LED_Controller, actual ratio is 0.

Final Macro Processing ...

=========================================================================
Final Register Report

Macro Statistics
# Registers                                            : 44
 Flip-Flops                                            : 44

=========================================================================

=========================================================================
*                           Partition Report                            *
=========================================================================

Partition Implementation Status
-------------------------------

  No Partitions were found in this design.

-------------------------------

=========================================================================
*                            Final Report                               *
=========================================================================
Final Results
RTL Top Level Output File Name     : LED_Controller.ngr
Top Level Output File Name         : LED_Controller
Output Format                      : NGC
Optimization Goal                  : Speed
Keep Hierarchy                     : No

Design Statistics
# IOs                              : 14

Cell Usage :
# BELS                             : 146
#      GND                         : 1
#      INV                         : 4
#      LUT1                        : 31
#      LUT2                        : 1
#      LUT4                        : 27
#      MUXCY                       : 39
#      MUXF5                       : 10
#      VCC                         : 1
#      XORCY                       : 32
# FlipFlops/Latches                : 44
#      FDC                         : 9
#      FDCE                        : 1
#      FDE                         : 1
#      FDP                         : 1
#      FDR                         : 32
# Clock Buffers                    : 1
#      BUFGP                       : 1
# IO Buffers                       : 13
#      IBUF                        : 5
#      OBUF                        : 8
=========================================================================

Device utilization summary:
---------------------------

Selected Device : 3s1500fg676-4 

 Number of Slices:                       32  out of  13312     0%  
 Number of Slice Flip Flops:             44  out of  26624     0%  
 Number of 4 input LUTs:                 63  out of  26624     0%  
 Number of IOs:                          14
 Number of bonded IOBs:                  14  out of    487     2%  
 Number of GCLKs:                         1  out of      8    12%  

---------------------------
Partition Resource Summary:
---------------------------

  No Partitions were found in this design.

---------------------------


=========================================================================
TIMING REPORT

NOTE: THESE TIMING NUMBERS ARE ONLY A SYNTHESIS ESTIMATE.
      FOR ACCURATE TIMING INFORMATION PLEASE REFER TO THE TRACE REPORT
      GENERATED AFTER PLACE-and-ROUTE.

Clock Information:
------------------
-----------------------------------+------------------------+-------+
Clock Signal                       | Clock buffer(FF name)  | Load  |
-----------------------------------+------------------------+-------+
clock_divider_inst/slow_clk        | NONE(blink_toggle)     | 11    |
clk                                | BUFGP                  | 33    |
-----------------------------------+------------------------+-------+
INFO:Xst:2169 - HDL ADVISOR - Some clock signals were not automatically buffered by XST with BUFG/BUFR resources. Please use the buffer_type constraint in order to insert these buffers to the clock signals to help prevent skew problems.

Asynchronous Control Signals Information:
----------------------------------------
-----------------------------------+------------------------+-------+
Control Signal                     | Buffer(FF name)        | Load  |
-----------------------------------+------------------------+-------+
rst                                | IBUF                   | 11    |
-----------------------------------+------------------------+-------+

Timing Summary:
---------------
Speed Grade: -4

   Minimum period: 6.537ns (Maximum Frequency: 152.979MHz)
   Minimum input arrival time before clock: 3.037ns
   Maximum output required time after clock: 7.285ns
   Maximum combinational path delay: No path found

Timing Detail:
--------------
All values displayed in nanoseconds (ns)

=========================================================================
Timing constraint: Default period analysis for Clock 'clock_divider_inst/slow_clk'
  Clock period: 4.558ns (frequency: 219.394MHz)
  Total number of paths / destination ports: 81 / 12
-------------------------------------------------------------------------
Delay:               4.558ns (Levels of Logic = 1)
  Source:            current_state_FSM_FFd2 (FF)
  Destination:       blink_toggle (FF)
  Source Clock:      clock_divider_inst/slow_clk rising
  Destination Clock: clock_divider_inst/slow_clk rising

  Data Path: current_state_FSM_FFd2 to blink_toggle
                                Gate     Net
    Cell:in->out      fanout   Delay   Delay  Logical Name (Net Name)
    ----------------------------------------  ------------
     FDC:C->Q             20   0.720   1.884  current_state_FSM_FFd2 (current_state_FSM_FFd2)
     LUT2:I0->O            1   0.551   0.801  current_state_FSM_Out01 (current_state_cmp_eq0000)
     FDCE:CE                   0.602          blink_toggle
    ----------------------------------------
    Total                      4.558ns (1.873ns logic, 2.685ns route)
                                       (41.1% logic, 58.9% route)

=========================================================================
Timing constraint: Default period analysis for Clock 'clk'
  Clock period: 6.537ns (frequency: 152.979MHz)
  Total number of paths / destination ports: 1585 / 66
-------------------------------------------------------------------------
Delay:               6.537ns (Levels of Logic = 9)
  Source:            clock_divider_inst/counter_8 (FF)
  Destination:       clock_divider_inst/counter_0 (FF)
  Source Clock:      clk rising
  Destination Clock: clk rising

  Data Path: clock_divider_inst/counter_8 to clock_divider_inst/counter_0
                                Gate     Net
    Cell:in->out      fanout   Delay   Delay  Logical Name (Net Name)
    ----------------------------------------  ------------
     FDR:C->Q              2   0.720   1.216  clock_divider_inst/counter_8 (clock_divider_inst/counter_8)
     LUT4:I0->O            1   0.551   0.000  clock_divider_inst/slow_clk_cmp_eq0000_wg_lut<0> (clock_divider_inst/slow_clk_cmp_eq0000_wg_lut<0>)
     MUXCY:S->O            1   0.500   0.000  clock_divider_inst/slow_clk_cmp_eq0000_wg_cy<0> (clock_divider_inst/slow_clk_cmp_eq0000_wg_cy<0>)
     MUXCY:CI->O           1   0.064   0.000  clock_divider_inst/slow_clk_cmp_eq0000_wg_cy<1> (clock_divider_inst/slow_clk_cmp_eq0000_wg_cy<1>)
     MUXCY:CI->O           1   0.064   0.000  clock_divider_inst/slow_clk_cmp_eq0000_wg_cy<2> (clock_divider_inst/slow_clk_cmp_eq0000_wg_cy<2>)
     MUXCY:CI->O           1   0.064   0.000  clock_divider_inst/slow_clk_cmp_eq0000_wg_cy<3> (clock_divider_inst/slow_clk_cmp_eq0000_wg_cy<3>)
     MUXCY:CI->O           1   0.064   0.000  clock_divider_inst/slow_clk_cmp_eq0000_wg_cy<4> (clock_divider_inst/slow_clk_cmp_eq0000_wg_cy<4>)
     MUXCY:CI->O           1   0.064   0.000  clock_divider_inst/slow_clk_cmp_eq0000_wg_cy<5> (clock_divider_inst/slow_clk_cmp_eq0000_wg_cy<5>)
     MUXCY:CI->O           1   0.064   0.000  clock_divider_inst/slow_clk_cmp_eq0000_wg_cy<6> (clock_divider_inst/slow_clk_cmp_eq0000_wg_cy<6>)
     MUXCY:CI->O          33   0.281   1.859  clock_divider_inst/slow_clk_cmp_eq0000_wg_cy<7> (clock_divider_inst/slow_clk_cmp_eq0000)
     FDR:R                     1.026          clock_divider_inst/counter_0
    ----------------------------------------
    Total                      6.537ns (3.462ns logic, 3.075ns route)
                                       (53.0% logic, 47.0% route)

=========================================================================
Timing constraint: Default OFFSET IN BEFORE for Clock 'clock_divider_inst/slow_clk'
  Total number of paths / destination ports: 9 / 2
-------------------------------------------------------------------------
Offset:              3.037ns (Levels of Logic = 3)
  Source:            inRL (PAD)
  Destination:       current_state_FSM_FFd1 (FF)
  Destination Clock: clock_divider_inst/slow_clk rising

  Data Path: inRL to current_state_FSM_FFd1
                                Gate     Net
    Cell:in->out      fanout   Delay   Delay  Logical Name (Net Name)
    ----------------------------------------  ------------
     IBUF:I->O             3   0.821   1.102  inRL_IBUF (inRL_IBUF)
     LUT4:I1->O            1   0.551   0.000  current_state_FSM_FFd1-In2 (current_state_FSM_FFd1-In2)
     MUXF5:I0->O           1   0.360   0.000  current_state_FSM_FFd1-In_f5 (current_state_FSM_FFd1-In)
     FDC:D                     0.203          current_state_FSM_FFd1
    ----------------------------------------
    Total                      3.037ns (1.935ns logic, 1.102ns route)
                                       (63.7% logic, 36.3% route)

=========================================================================
Timing constraint: Default OFFSET OUT AFTER for Clock 'clock_divider_inst/slow_clk'
  Total number of paths / destination ports: 8 / 8
-------------------------------------------------------------------------
Offset:              7.285ns (Levels of Logic = 1)
  Source:            led_reg_1 (FF)
  Destination:       oLED<1> (PAD)
  Source Clock:      clock_divider_inst/slow_clk rising

  Data Path: led_reg_1 to oLED<1>
                                Gate     Net
    Cell:in->out      fanout   Delay   Delay  Logical Name (Net Name)
    ----------------------------------------  ------------
     FDC:C->Q              5   0.720   0.921  led_reg_1 (led_reg_1)
     OBUF:I->O                 5.644          oLED_1_OBUF (oLED<1>)
    ----------------------------------------
    Total                      7.285ns (6.364ns logic, 0.921ns route)
                                       (87.4% logic, 12.6% route)

=========================================================================


Total REAL time to Xst completion: 4.00 secs
Total CPU time to Xst completion: 3.95 secs
 
--> 

Total memory usage is 4514388 kilobytes

Number of errors   :    0 (   0 filtered)
Number of warnings :    0 (   0 filtered)
Number of infos    :    1 (   0 filtered)

